Component: ARM Compiler 5.05 update 1 (build 106) Tool: armlink [4d0efa]

==============================================================================

Section Cross References

    startup_stm32f10x_hd.o(RESET) refers to startup_stm32f10x_hd.o(.text) for Reset_Handler
    startup_stm32f10x_hd.o(RESET) refers to stm32f10x_it.o(.text) for NMI_Handler
    startup_stm32f10x_hd.o(RESET) refers to usart.o(.text) for DMA1_Channel6_IRQHandler
    startup_stm32f10x_hd.o(.text) refers to startup_stm32f10x_hd.o(STACK) for __initial_sp
    startup_stm32f10x_hd.o(.text) refers to entry.o(.ARM.Collect$$$$00000000) for __main
    main.o(.text) refers to system_stm32f10x.o(.text) for SystemInit
    main.o(.text) refers to usart.o(.text) for usart_init
    main.o(.text) refers to servo.o(.text) for write_angle
    main.o(.text) refers to pid.o(.text) for pid_init
    pid.o(.text) refers to cfrcmple.o(.text) for __aeabi_cfrcmple
    pid.o(.text) refers to fadd.o(.text) for __aeabi_fsub
    pid.o(.text) refers to cfcmple.o(.text) for __aeabi_cfcmple
    pid.o(.text) refers to fmul.o(.text) for __aeabi_fmul
    pid.o(.text) refers to pid.o(.bss) for x_pid
    pid.o(.text) refers to pid.o(.data) for X_Set
    key.o(.text) refers to stm32f10x_rcc.o(.text) for RCC_APB2PeriphClockCmd
    key.o(.text) refers to stm32f10x_gpio.o(.text) for GPIO_Init
    usart.o(.text) refers to stm32f10x_rcc.o(.text) for RCC_APB2PeriphClockCmd
    usart.o(.text) refers to stm32f10x_gpio.o(.text) for GPIO_Init
    usart.o(.text) refers to stm32f10x_usart.o(.text) for USART_Init
    usart.o(.text) refers to stm32f10x_dma.o(.text) for DMA_Init
    usart.o(.text) refers to misc.o(.text) for NVIC_PriorityGroupConfig
    usart.o(.text) refers to ffltui.o(.text) for __aeabi_ui2f
    usart.o(.text) refers to fadd.o(.text) for __aeabi_fsub
    usart.o(.text) refers to fdiv.o(.text) for __aeabi_fdiv
    usart.o(.text) refers to fflti.o(.text) for __aeabi_i2f
    usart.o(.text) refers to pid.o(.text) for MIN
    usart.o(.text) refers to cfcmple.o(.text) for __aeabi_cfcmpeq
    usart.o(.text) refers to cfrcmple.o(.text) for __aeabi_cfrcmple
    usart.o(.text) refers to ffixui.o(.text) for __aeabi_f2uiz
    usart.o(.text) refers to servo.o(.text) for write_angle
    usart.o(.text) refers to usart.o(.bss) for dma_rx_buf
    usart.o(.text) refers to pid.o(.bss) for ball_status
    usart.o(.text) refers to pid.o(.data) for Y_Buff_Set2
    usart.o(.text) refers to usart.o(.data) for Y_set
    servo.o(.text) refers to usart.o(.text) for usart1_senddata
    servo.o(.text) refers to stm32f10x_usart.o(.text) for USART_ReceiveData
    servo.o(.text) refers to servo.o(.bss) for rx_buf
    stm32f10x_gpio.o(.text) refers to stm32f10x_rcc.o(.text) for RCC_APB2PeriphResetCmd
    stm32f10x_rcc.o(.text) refers to stm32f10x_rcc.o(.data) for APBAHBPrescTable
    stm32f10x_usart.o(.text) refers to stm32f10x_rcc.o(.text) for RCC_APB2PeriphResetCmd
    stm32f10x_can.o(.text) refers to stm32f10x_rcc.o(.text) for RCC_APB1PeriphResetCmd
    entry.o(.ARM.Collect$$$$00000000) refers (Special) to entry10a.o(.ARM.Collect$$$$0000000D) for __rt_final_cpp
    entry.o(.ARM.Collect$$$$00000000) refers (Special) to entry11a.o(.ARM.Collect$$$$0000000F) for __rt_final_exit
    entry.o(.ARM.Collect$$$$00000000) refers (Special) to entry7b.o(.ARM.Collect$$$$00000008) for _main_clock
    entry.o(.ARM.Collect$$$$00000000) refers (Special) to entry8b.o(.ARM.Collect$$$$0000000A) for _main_cpp_init
    entry.o(.ARM.Collect$$$$00000000) refers (Special) to entry9a.o(.ARM.Collect$$$$0000000B) for _main_init
    entry.o(.ARM.Collect$$$$00000000) refers (Special) to entry5.o(.ARM.Collect$$$$00000004) for _main_scatterload
    entry.o(.ARM.Collect$$$$00000000) refers (Special) to entry2.o(.ARM.Collect$$$$00000001) for _main_stk
    fadd.o(.text) refers (Special) to iusefp.o(.text) for __I$use$fp
    fadd.o(.text) refers to fepilogue.o(.text) for _float_epilogue
    fmul.o(.text) refers (Special) to iusefp.o(.text) for __I$use$fp
    fdiv.o(.text) refers (Special) to iusefp.o(.text) for __I$use$fp
    fdiv.o(.text) refers to fepilogue.o(.text) for _float_round
    fflti.o(.text) refers (Special) to iusefp.o(.text) for __I$use$fp
    fflti.o(.text) refers to fepilogue.o(.text) for _float_epilogue
    ffltui.o(.text) refers (Special) to iusefp.o(.text) for __I$use$fp
    ffltui.o(.text) refers to fepilogue.o(.text) for _float_epilogue
    ffixui.o(.text) refers (Special) to iusefp.o(.text) for __I$use$fp
    cfcmple.o(.text) refers (Special) to iusefp.o(.text) for __I$use$fp
    cfrcmple.o(.text) refers (Special) to iusefp.o(.text) for __I$use$fp
    entry2.o(.ARM.Collect$$$$00000001) refers to entry2.o(.ARM.Collect$$$$00002712) for __lit__00000000
    entry2.o(.ARM.Collect$$$$00002712) refers to startup_stm32f10x_hd.o(STACK) for __initial_sp
    entry2.o(__vectab_stack_and_reset_area) refers to startup_stm32f10x_hd.o(STACK) for __initial_sp
    entry2.o(__vectab_stack_and_reset_area) refers to entry.o(.ARM.Collect$$$$00000000) for __main
    entry5.o(.ARM.Collect$$$$00000004) refers to init.o(.text) for __scatterload
    entry9a.o(.ARM.Collect$$$$0000000B) refers to main.o(.text) for main
    entry9b.o(.ARM.Collect$$$$0000000C) refers to main.o(.text) for main
    init.o(.text) refers to entry5.o(.ARM.Collect$$$$00000004) for __main_after_scatterload


==============================================================================

Removing Unused input sections from the image.

    Removing startup_stm32f10x_hd.o(HEAP), (0 bytes).
    Removing key.o(.text), (104 bytes).
    Removing stm32f10x_can.o(.text), (1944 bytes).
    Removing core_cm3.o(.emb_text), (32 bytes).
    Removing system_stm32f10x.o(.constdata), (20 bytes).

5 unused section(s) (total 2100 bytes) removed from the image.

==============================================================================

Image Symbol Table

    Local Symbols

    Symbol Name                              Value     Ov Type        Size  Object(Section)

    ../clib/microlib/init/entry.s            0x00000000   Number         0  entry7b.o ABSOLUTE
    ../clib/microlib/init/entry.s            0x00000000   Number         0  entry7a.o ABSOLUTE
    ../clib/microlib/init/entry.s            0x00000000   Number         0  entry5.o ABSOLUTE
    ../clib/microlib/init/entry.s            0x00000000   Number         0  entry2.o ABSOLUTE
    ../clib/microlib/init/entry.s            0x00000000   Number         0  entry.o ABSOLUTE
    ../clib/microlib/init/entry.s            0x00000000   Number         0  entry11b.o ABSOLUTE
    ../clib/microlib/init/entry.s            0x00000000   Number         0  entry11a.o ABSOLUTE
    ../clib/microlib/init/entry.s            0x00000000   Number         0  entry10b.o ABSOLUTE
    ../clib/microlib/init/entry.s            0x00000000   Number         0  entry10a.o ABSOLUTE
    ../clib/microlib/init/entry.s            0x00000000   Number         0  entry9b.o ABSOLUTE
    ../clib/microlib/init/entry.s            0x00000000   Number         0  entry9a.o ABSOLUTE
    ../clib/microlib/init/entry.s            0x00000000   Number         0  entry8b.o ABSOLUTE
    ../clib/microlib/init/entry.s            0x00000000   Number         0  entry8a.o ABSOLUTE
    ../clib/microlib/stubs.s                 0x00000000   Number         0  iusefp.o ABSOLUTE
    ../fplib/microlib/fpadd.c                0x00000000   Number         0  fadd.o ABSOLUTE
    ../fplib/microlib/fpdiv.c                0x00000000   Number         0  fdiv.o ABSOLUTE
    ../fplib/microlib/fpepilogue.c           0x00000000   Number         0  fepilogue.o ABSOLUTE
    ../fplib/microlib/fpfix.c                0x00000000   Number         0  ffixui.o ABSOLUTE
    ../fplib/microlib/fpflt.c                0x00000000   Number         0  ffltui.o ABSOLUTE
    ../fplib/microlib/fpflt.c                0x00000000   Number         0  fflti.o ABSOLUTE
    ../fplib/microlib/fpmul.c                0x00000000   Number         0  fmul.o ABSOLUTE
    ..\CMSIS\core_cm3.c                      0x00000000   Number         0  core_cm3.o ABSOLUTE
    ..\CMSIS\startup\startup_stm32f10x_hd.s  0x00000000   Number         0  startup_stm32f10x_hd.o ABSOLUTE
    ..\CMSIS\system_stm32f10x.c              0x00000000   Number         0  system_stm32f10x.o ABSOLUTE
    ..\FWlib\src\misc.c                      0x00000000   Number         0  misc.o ABSOLUTE
    ..\FWlib\src\stm32f10x_can.c             0x00000000   Number         0  stm32f10x_can.o ABSOLUTE
    ..\FWlib\src\stm32f10x_dma.c             0x00000000   Number         0  stm32f10x_dma.o ABSOLUTE
    ..\FWlib\src\stm32f10x_gpio.c            0x00000000   Number         0  stm32f10x_gpio.o ABSOLUTE
    ..\FWlib\src\stm32f10x_rcc.c             0x00000000   Number         0  stm32f10x_rcc.o ABSOLUTE
    ..\FWlib\src\stm32f10x_usart.c           0x00000000   Number         0  stm32f10x_usart.o ABSOLUTE
    ..\\CMSIS\\core_cm3.c                    0x00000000   Number         0  core_cm3.o ABSOLUTE
    cfcmple.s                                0x00000000   Number         0  cfcmple.o ABSOLUTE
    cfrcmple.s                               0x00000000   Number         0  cfrcmple.o ABSOLUTE
    dc.s                                     0x00000000   Number         0  dc.o ABSOLUTE
    handlers.s                               0x00000000   Number         0  handlers.o ABSOLUTE
    init.s                                   0x00000000   Number         0  init.o ABSOLUTE
    key.c                                    0x00000000   Number         0  key.o ABSOLUTE
    main.c                                   0x00000000   Number         0  main.o ABSOLUTE
    pid.c                                    0x00000000   Number         0  pid.o ABSOLUTE
    servo.c                                  0x00000000   Number         0  servo.o ABSOLUTE
    stm32f10x_it.c                           0x00000000   Number         0  stm32f10x_it.o ABSOLUTE
    usart.c                                  0x00000000   Number         0  usart.o ABSOLUTE
    RESET                                    0x08000000   Section      304  startup_stm32f10x_hd.o(RESET)
    .ARM.Collect$$$$00000000                 0x08000130   Section        0  entry.o(.ARM.Collect$$$$00000000)
    .ARM.Collect$$$$00000001                 0x08000130   Section        4  entry2.o(.ARM.Collect$$$$00000001)
    .ARM.Collect$$$$00000004                 0x08000134   Section        4  entry5.o(.ARM.Collect$$$$00000004)
    .ARM.Collect$$$$00000008                 0x08000138   Section        0  entry7b.o(.ARM.Collect$$$$00000008)
    .ARM.Collect$$$$0000000A                 0x08000138   Section        0  entry8b.o(.ARM.Collect$$$$0000000A)
    .ARM.Collect$$$$0000000B                 0x08000138   Section        8  entry9a.o(.ARM.Collect$$$$0000000B)
    .ARM.Collect$$$$0000000D                 0x08000140   Section        0  entry10a.o(.ARM.Collect$$$$0000000D)
    .ARM.Collect$$$$0000000F                 0x08000140   Section        0  entry11a.o(.ARM.Collect$$$$0000000F)
    .ARM.Collect$$$$00002712                 0x08000140   Section        4  entry2.o(.ARM.Collect$$$$00002712)
    __lit__00000000                          0x08000140   Data           4  entry2.o(.ARM.Collect$$$$00002712)
    .text                                    0x08000144   Section       48  startup_stm32f10x_hd.o(.text)
    .text                                    0x08000174   Section        0  main.o(.text)
    .text                                    0x080001a0   Section        0  stm32f10x_it.o(.text)
    .text                                    0x080001bc   Section        0  pid.o(.text)
    .text                                    0x08000408   Section        0  usart.o(.text)
    .text                                    0x080008cc   Section        0  servo.o(.text)
    .text                                    0x080009f4   Section        0  stm32f10x_gpio.o(.text)
    .text                                    0x08000d24   Section        0  stm32f10x_rcc.o(.text)
    .text                                    0x080010c4   Section        0  stm32f10x_dma.o(.text)
    .text                                    0x08001304   Section        0  stm32f10x_usart.o(.text)
    .text                                    0x08001674   Section        0  misc.o(.text)
    .text                                    0x08001750   Section        0  system_stm32f10x.o(.text)
    SetSysClockTo72                          0x08001751   Thumb Code   220  system_stm32f10x.o(.text)
    SetSysClock                              0x0800182d   Thumb Code     8  system_stm32f10x.o(.text)
    .text                                    0x08001888   Section        0  fadd.o(.text)
    .text                                    0x08001938   Section        0  fmul.o(.text)
    .text                                    0x0800199c   Section        0  fdiv.o(.text)
    .text                                    0x08001a18   Section        0  fflti.o(.text)
    .text                                    0x08001a2a   Section        0  ffltui.o(.text)
    .text                                    0x08001a34   Section        0  ffixui.o(.text)
    .text                                    0x08001a5c   Section       20  cfcmple.o(.text)
    .text                                    0x08001a70   Section       20  cfrcmple.o(.text)
    .text                                    0x08001a84   Section        0  iusefp.o(.text)
    .text                                    0x08001a84   Section        0  fepilogue.o(.text)
    .text                                    0x08001af4   Section       36  init.o(.text)
    i.__scatterload_copy                     0x08001b18   Section       14  handlers.o(i.__scatterload_copy)
    i.__scatterload_null                     0x08001b26   Section        2  handlers.o(i.__scatterload_null)
    i.__scatterload_zeroinit                 0x08001b28   Section       14  handlers.o(i.__scatterload_zeroinit)
    .data                                    0x20000000   Section       28  pid.o(.data)
    .data                                    0x2000001c   Section       16  usart.o(.data)
    .data                                    0x2000002c   Section       20  stm32f10x_rcc.o(.data)
    APBAHBPrescTable                         0x2000002c   Data          16  stm32f10x_rcc.o(.data)
    ADCPrescTable                            0x2000003c   Data           4  stm32f10x_rcc.o(.data)
    .bss                                     0x20000040   Section      208  pid.o(.bss)
    .bss                                     0x20000110   Section       18  usart.o(.bss)
    .bss                                     0x20000122   Section       14  servo.o(.bss)
    STACK                                    0x20000130   Section      512  startup_stm32f10x_hd.o(STACK)

    Global Symbols

    Symbol Name                              Value     Ov Type        Size  Object(Section)

    BuildAttributes$$THM_ISAv4$P$D$K$B$S$PE$A:L22UL41UL21$X:L11$S22US41US21$IEEE1$IW$USESV6$~STKCKD$USESV7$~SHL$OTIME$ROPI$EBA8$MICROLIB$REQ8$PRES8$EABIv2 0x00000000   Number         0  anon$$obj.o ABSOLUTE
    __ARM_use_no_argv                        0x00000000   Number         0  main.o ABSOLUTE
    __cpp_initialize__aeabi_                  - Undefined Weak Reference
    __cxa_finalize                            - Undefined Weak Reference
    __decompress                              - Undefined Weak Reference
    _clock_init                               - Undefined Weak Reference
    _microlib_exit                            - Undefined Weak Reference
    __Vectors_Size                           0x00000130   Number         0  startup_stm32f10x_hd.o ABSOLUTE
    __Vectors                                0x08000000   Data           4  startup_stm32f10x_hd.o(RESET)
    __Vectors_End                            0x08000130   Data           0  startup_stm32f10x_hd.o(RESET)
    __main                                   0x08000131   Thumb Code     0  entry.o(.ARM.Collect$$$$00000000)
    _main_stk                                0x08000131   Thumb Code     0  entry2.o(.ARM.Collect$$$$00000001)
    _main_scatterload                        0x08000135   Thumb Code     0  entry5.o(.ARM.Collect$$$$00000004)
    __main_after_scatterload                 0x08000139   Thumb Code     0  entry5.o(.ARM.Collect$$$$00000004)
    _main_clock                              0x08000139   Thumb Code     0  entry7b.o(.ARM.Collect$$$$00000008)
    _main_cpp_init                           0x08000139   Thumb Code     0  entry8b.o(.ARM.Collect$$$$0000000A)
    _main_init                               0x08000139   Thumb Code     0  entry9a.o(.ARM.Collect$$$$0000000B)
    __rt_final_cpp                           0x08000141   Thumb Code     0  entry10a.o(.ARM.Collect$$$$0000000D)
    __rt_final_exit                          0x08000141   Thumb Code     0  entry11a.o(.ARM.Collect$$$$0000000F)
    SystemInit_ExtMemCtl                     0x08000145   Thumb Code     2  startup_stm32f10x_hd.o(.text)
    Reset_Handler                            0x08000147   Thumb Code    14  startup_stm32f10x_hd.o(.text)
    ADC1_2_IRQHandler                        0x08000167   Thumb Code     0  startup_stm32f10x_hd.o(.text)
    ADC3_IRQHandler                          0x08000167   Thumb Code     0  startup_stm32f10x_hd.o(.text)
    CAN1_RX1_IRQHandler                      0x08000167   Thumb Code     0  startup_stm32f10x_hd.o(.text)
    CAN1_SCE_IRQHandler                      0x08000167   Thumb Code     0  startup_stm32f10x_hd.o(.text)
    DMA1_Channel1_IRQHandler                 0x08000167   Thumb Code     0  startup_stm32f10x_hd.o(.text)
    DMA1_Channel2_IRQHandler                 0x08000167   Thumb Code     0  startup_stm32f10x_hd.o(.text)
    DMA1_Channel3_IRQHandler                 0x08000167   Thumb Code     0  startup_stm32f10x_hd.o(.text)
    DMA1_Channel4_IRQHandler                 0x08000167   Thumb Code     0  startup_stm32f10x_hd.o(.text)
    DMA1_Channel5_IRQHandler                 0x08000167   Thumb Code     0  startup_stm32f10x_hd.o(.text)
    DMA1_Channel7_IRQHandler                 0x08000167   Thumb Code     0  startup_stm32f10x_hd.o(.text)
    DMA2_Channel1_IRQHandler                 0x08000167   Thumb Code     0  startup_stm32f10x_hd.o(.text)
    DMA2_Channel2_IRQHandler                 0x08000167   Thumb Code     0  startup_stm32f10x_hd.o(.text)
    DMA2_Channel3_IRQHandler                 0x08000167   Thumb Code     0  startup_stm32f10x_hd.o(.text)
    DMA2_Channel4_5_IRQHandler               0x08000167   Thumb Code     0  startup_stm32f10x_hd.o(.text)
    EXTI0_IRQHandler                         0x08000167   Thumb Code     0  startup_stm32f10x_hd.o(.text)
    EXTI15_10_IRQHandler                     0x08000167   Thumb Code     0  startup_stm32f10x_hd.o(.text)
    EXTI1_IRQHandler                         0x08000167   Thumb Code     0  startup_stm32f10x_hd.o(.text)
    EXTI2_IRQHandler                         0x08000167   Thumb Code     0  startup_stm32f10x_hd.o(.text)
    EXTI3_IRQHandler                         0x08000167   Thumb Code     0  startup_stm32f10x_hd.o(.text)
    EXTI4_IRQHandler                         0x08000167   Thumb Code     0  startup_stm32f10x_hd.o(.text)
    EXTI9_5_IRQHandler                       0x08000167   Thumb Code     0  startup_stm32f10x_hd.o(.text)
    FLASH_IRQHandler                         0x08000167   Thumb Code     0  startup_stm32f10x_hd.o(.text)
    FSMC_IRQHandler                          0x08000167   Thumb Code     0  startup_stm32f10x_hd.o(.text)
    I2C1_ER_IRQHandler                       0x08000167   Thumb Code     0  startup_stm32f10x_hd.o(.text)
    I2C1_EV_IRQHandler                       0x08000167   Thumb Code     0  startup_stm32f10x_hd.o(.text)
    I2C2_ER_IRQHandler                       0x08000167   Thumb Code     0  startup_stm32f10x_hd.o(.text)
    I2C2_EV_IRQHandler                       0x08000167   Thumb Code     0  startup_stm32f10x_hd.o(.text)
    PVD_IRQHandler                           0x08000167   Thumb Code     0  startup_stm32f10x_hd.o(.text)
    RCC_IRQHandler                           0x08000167   Thumb Code     0  startup_stm32f10x_hd.o(.text)
    RTCAlarm_IRQHandler                      0x08000167   Thumb Code     0  startup_stm32f10x_hd.o(.text)
    RTC_IRQHandler                           0x08000167   Thumb Code     0  startup_stm32f10x_hd.o(.text)
    SDIO_IRQHandler                          0x08000167   Thumb Code     0  startup_stm32f10x_hd.o(.text)
    SPI1_IRQHandler                          0x08000167   Thumb Code     0  startup_stm32f10x_hd.o(.text)
    SPI2_IRQHandler                          0x08000167   Thumb Code     0  startup_stm32f10x_hd.o(.text)
    SPI3_IRQHandler                          0x08000167   Thumb Code     0  startup_stm32f10x_hd.o(.text)
    TAMPER_IRQHandler                        0x08000167   Thumb Code     0  startup_stm32f10x_hd.o(.text)
    TIM1_BRK_IRQHandler                      0x08000167   Thumb Code     0  startup_stm32f10x_hd.o(.text)
    TIM1_CC_IRQHandler                       0x08000167   Thumb Code     0  startup_stm32f10x_hd.o(.text)
    TIM1_TRG_COM_IRQHandler                  0x08000167   Thumb Code     0  startup_stm32f10x_hd.o(.text)
    TIM1_UP_IRQHandler                       0x08000167   Thumb Code     0  startup_stm32f10x_hd.o(.text)
    TIM2_IRQHandler                          0x08000167   Thumb Code     0  startup_stm32f10x_hd.o(.text)
    TIM3_IRQHandler                          0x08000167   Thumb Code     0  startup_stm32f10x_hd.o(.text)
    TIM4_IRQHandler                          0x08000167   Thumb Code     0  startup_stm32f10x_hd.o(.text)
    TIM5_IRQHandler                          0x08000167   Thumb Code     0  startup_stm32f10x_hd.o(.text)
    TIM6_IRQHandler                          0x08000167   Thumb Code     0  startup_stm32f10x_hd.o(.text)
    TIM7_IRQHandler                          0x08000167   Thumb Code     0  startup_stm32f10x_hd.o(.text)
    TIM8_BRK_IRQHandler                      0x08000167   Thumb Code     0  startup_stm32f10x_hd.o(.text)
    TIM8_CC_IRQHandler                       0x08000167   Thumb Code     0  startup_stm32f10x_hd.o(.text)
    TIM8_TRG_COM_IRQHandler                  0x08000167   Thumb Code     0  startup_stm32f10x_hd.o(.text)
    TIM8_UP_IRQHandler                       0x08000167   Thumb Code     0  startup_stm32f10x_hd.o(.text)
    UART4_IRQHandler                         0x08000167   Thumb Code     0  startup_stm32f10x_hd.o(.text)
    UART5_IRQHandler                         0x08000167   Thumb Code     0  startup_stm32f10x_hd.o(.text)
    USART2_IRQHandler                        0x08000167   Thumb Code     0  startup_stm32f10x_hd.o(.text)
    USART3_IRQHandler                        0x08000167   Thumb Code     0  startup_stm32f10x_hd.o(.text)
    USBWakeUp_IRQHandler                     0x08000167   Thumb Code     0  startup_stm32f10x_hd.o(.text)
    USB_HP_CAN1_TX_IRQHandler                0x08000167   Thumb Code     0  startup_stm32f10x_hd.o(.text)
    USB_LP_CAN1_RX0_IRQHandler               0x08000167   Thumb Code     0  startup_stm32f10x_hd.o(.text)
    WWDG_IRQHandler                          0x08000167   Thumb Code     0  startup_stm32f10x_hd.o(.text)
    main                                     0x08000175   Thumb Code    44  main.o(.text)
    NMI_Handler                              0x080001a1   Thumb Code     2  stm32f10x_it.o(.text)
    HardFault_Handler                        0x080001a3   Thumb Code     4  stm32f10x_it.o(.text)
    MemManage_Handler                        0x080001a7   Thumb Code     4  stm32f10x_it.o(.text)
    BusFault_Handler                         0x080001ab   Thumb Code     4  stm32f10x_it.o(.text)
    UsageFault_Handler                       0x080001af   Thumb Code     4  stm32f10x_it.o(.text)
    SVC_Handler                              0x080001b3   Thumb Code     2  stm32f10x_it.o(.text)
    DebugMon_Handler                         0x080001b5   Thumb Code     2  stm32f10x_it.o(.text)
    PendSV_Handler                           0x080001b7   Thumb Code     2  stm32f10x_it.o(.text)
    SysTick_Handler                          0x080001b9   Thumb Code     2  stm32f10x_it.o(.text)
    pid_init                                 0x080001bd   Thumb Code   154  pid.o(.text)
    ABS                                      0x08000257   Thumb Code    50  pid.o(.text)
    Pid_Cal                                  0x08000289   Thumb Code   202  pid.o(.text)
    MIN                                      0x08000353   Thumb Code   124  pid.o(.text)
    usart_init                               0x08000409   Thumb Code   328  usart.o(.text)
    nvic_init                                0x08000551   Thumb Code    42  usart.o(.text)
    usart1_senddata                          0x0800057b   Thumb Code    44  usart.o(.text)
    DMA1_Channel6_IRQHandler                 0x080005a7   Thumb Code   782  usart.o(.text)
    USART1_IRQHandler                        0x080008b5   Thumb Code    20  usart.o(.text)
    checksum                                 0x080008cd   Thumb Code    34  servo.o(.text)
    set_servo_id                             0x080008ef   Thumb Code    58  servo.o(.text)
    write_angle                              0x08000929   Thumb Code    90  servo.o(.text)
    read_servo                               0x08000983   Thumb Code   104  servo.o(.text)
    GPIO_DeInit                              0x080009f5   Thumb Code   188  stm32f10x_gpio.o(.text)
    GPIO_AFIODeInit                          0x08000ab1   Thumb Code    20  stm32f10x_gpio.o(.text)
    GPIO_Init                                0x08000ac5   Thumb Code   278  stm32f10x_gpio.o(.text)
    GPIO_StructInit                          0x08000bdb   Thumb Code    16  stm32f10x_gpio.o(.text)
    GPIO_ReadInputDataBit                    0x08000beb   Thumb Code    18  stm32f10x_gpio.o(.text)
    GPIO_ReadInputData                       0x08000bfd   Thumb Code     8  stm32f10x_gpio.o(.text)
    GPIO_ReadOutputDataBit                   0x08000c05   Thumb Code    18  stm32f10x_gpio.o(.text)
    GPIO_ReadOutputData                      0x08000c17   Thumb Code     8  stm32f10x_gpio.o(.text)
    GPIO_SetBits                             0x08000c1f   Thumb Code     4  stm32f10x_gpio.o(.text)
    GPIO_ResetBits                           0x08000c23   Thumb Code     4  stm32f10x_gpio.o(.text)
    GPIO_WriteBit                            0x08000c27   Thumb Code    10  stm32f10x_gpio.o(.text)
    GPIO_Write                               0x08000c31   Thumb Code     4  stm32f10x_gpio.o(.text)
    GPIO_PinLockConfig                       0x08000c35   Thumb Code    18  stm32f10x_gpio.o(.text)
    GPIO_EventOutputConfig                   0x08000c47   Thumb Code    26  stm32f10x_gpio.o(.text)
    GPIO_EventOutputCmd                      0x08000c61   Thumb Code     6  stm32f10x_gpio.o(.text)
    GPIO_PinRemapConfig                      0x08000c67   Thumb Code   106  stm32f10x_gpio.o(.text)
    GPIO_EXTILineConfig                      0x08000cd1   Thumb Code    66  stm32f10x_gpio.o(.text)
    RCC_DeInit                               0x08000d25   Thumb Code    62  stm32f10x_rcc.o(.text)
    RCC_HSEConfig                            0x08000d63   Thumb Code    70  stm32f10x_rcc.o(.text)
    RCC_GetFlagStatus                        0x08000da9   Thumb Code    56  stm32f10x_rcc.o(.text)
    RCC_WaitForHSEStartUp                    0x08000de1   Thumb Code    54  stm32f10x_rcc.o(.text)
    RCC_AdjustHSICalibrationValue            0x08000e17   Thumb Code    20  stm32f10x_rcc.o(.text)
    RCC_HSICmd                               0x08000e2b   Thumb Code     6  stm32f10x_rcc.o(.text)
    RCC_PLLConfig                            0x08000e31   Thumb Code    24  stm32f10x_rcc.o(.text)
    RCC_PLLCmd                               0x08000e49   Thumb Code     6  stm32f10x_rcc.o(.text)
    RCC_SYSCLKConfig                         0x08000e4f   Thumb Code    18  stm32f10x_rcc.o(.text)
    RCC_GetSYSCLKSource                      0x08000e61   Thumb Code    10  stm32f10x_rcc.o(.text)
    RCC_HCLKConfig                           0x08000e6b   Thumb Code    18  stm32f10x_rcc.o(.text)
    RCC_PCLK1Config                          0x08000e7d   Thumb Code    18  stm32f10x_rcc.o(.text)
    RCC_PCLK2Config                          0x08000e8f   Thumb Code    20  stm32f10x_rcc.o(.text)
    RCC_ITConfig                             0x08000ea3   Thumb Code    26  stm32f10x_rcc.o(.text)
    RCC_USBCLKConfig                         0x08000ebd   Thumb Code     8  stm32f10x_rcc.o(.text)
    RCC_ADCCLKConfig                         0x08000ec5   Thumb Code    18  stm32f10x_rcc.o(.text)
    RCC_LSEConfig                            0x08000ed7   Thumb Code    50  stm32f10x_rcc.o(.text)
    RCC_LSICmd                               0x08000f09   Thumb Code     6  stm32f10x_rcc.o(.text)
    RCC_RTCCLKConfig                         0x08000f0f   Thumb Code    12  stm32f10x_rcc.o(.text)
    RCC_RTCCLKCmd                            0x08000f1b   Thumb Code     8  stm32f10x_rcc.o(.text)
    RCC_GetClocksFreq                        0x08000f23   Thumb Code   192  stm32f10x_rcc.o(.text)
    RCC_AHBPeriphClockCmd                    0x08000fe3   Thumb Code    26  stm32f10x_rcc.o(.text)
    RCC_APB2PeriphClockCmd                   0x08000ffd   Thumb Code    26  stm32f10x_rcc.o(.text)
    RCC_APB1PeriphClockCmd                   0x08001017   Thumb Code    26  stm32f10x_rcc.o(.text)
    RCC_APB2PeriphResetCmd                   0x08001031   Thumb Code    26  stm32f10x_rcc.o(.text)
    RCC_APB1PeriphResetCmd                   0x0800104b   Thumb Code    26  stm32f10x_rcc.o(.text)
    RCC_BackupResetCmd                       0x08001065   Thumb Code     8  stm32f10x_rcc.o(.text)
    RCC_ClockSecuritySystemCmd               0x0800106d   Thumb Code     6  stm32f10x_rcc.o(.text)
    RCC_MCOConfig                            0x08001073   Thumb Code     6  stm32f10x_rcc.o(.text)
    RCC_ClearFlag                            0x08001079   Thumb Code    14  stm32f10x_rcc.o(.text)
    RCC_GetITStatus                          0x08001087   Thumb Code    20  stm32f10x_rcc.o(.text)
    RCC_ClearITPendingBit                    0x0800109b   Thumb Code     6  stm32f10x_rcc.o(.text)
    DMA_DeInit                               0x080010c5   Thumb Code   306  stm32f10x_dma.o(.text)
    DMA_Init                                 0x080011f7   Thumb Code    60  stm32f10x_dma.o(.text)
    DMA_StructInit                           0x08001233   Thumb Code    26  stm32f10x_dma.o(.text)
    DMA_Cmd                                  0x0800124d   Thumb Code    22  stm32f10x_dma.o(.text)
    DMA_ITConfig                             0x08001263   Thumb Code    18  stm32f10x_dma.o(.text)
    DMA_GetCurrDataCounter                   0x08001275   Thumb Code     8  stm32f10x_dma.o(.text)
    DMA_GetFlagStatus                        0x0800127d   Thumb Code    40  stm32f10x_dma.o(.text)
    DMA_ClearFlag                            0x080012a5   Thumb Code    20  stm32f10x_dma.o(.text)
    DMA_GetITStatus                          0x080012b9   Thumb Code    40  stm32f10x_dma.o(.text)
    DMA_ClearITPendingBit                    0x080012e1   Thumb Code    20  stm32f10x_dma.o(.text)
    USART_DeInit                             0x08001305   Thumb Code   146  stm32f10x_usart.o(.text)
    USART_Init                               0x08001397   Thumb Code   150  stm32f10x_usart.o(.text)
    USART_StructInit                         0x0800142d   Thumb Code    24  stm32f10x_usart.o(.text)
    USART_ClockInit                          0x08001445   Thumb Code    34  stm32f10x_usart.o(.text)
    USART_ClockStructInit                    0x08001467   Thumb Code    12  stm32f10x_usart.o(.text)
    USART_Cmd                                0x08001473   Thumb Code    24  stm32f10x_usart.o(.text)
    USART_ITConfig                           0x0800148b   Thumb Code    64  stm32f10x_usart.o(.text)
    USART_DMACmd                             0x080014cb   Thumb Code    18  stm32f10x_usart.o(.text)
    USART_SetAddress                         0x080014dd   Thumb Code    18  stm32f10x_usart.o(.text)
    USART_WakeUpConfig                       0x080014ef   Thumb Code    18  stm32f10x_usart.o(.text)
    USART_ReceiverWakeUpCmd                  0x08001501   Thumb Code    24  stm32f10x_usart.o(.text)
    USART_LINBreakDetectLengthConfig         0x08001519   Thumb Code    18  stm32f10x_usart.o(.text)
    USART_LINCmd                             0x0800152b   Thumb Code    24  stm32f10x_usart.o(.text)
    USART_SendData                           0x08001543   Thumb Code     8  stm32f10x_usart.o(.text)
    USART_ReceiveData                        0x0800154b   Thumb Code    10  stm32f10x_usart.o(.text)
    USART_SendBreak                          0x08001555   Thumb Code    10  stm32f10x_usart.o(.text)
    USART_SetGuardTime                       0x0800155f   Thumb Code    16  stm32f10x_usart.o(.text)
    USART_SetPrescaler                       0x0800156f   Thumb Code    16  stm32f10x_usart.o(.text)
    USART_SmartCardCmd                       0x0800157f   Thumb Code    24  stm32f10x_usart.o(.text)
    USART_SmartCardNACKCmd                   0x08001597   Thumb Code    24  stm32f10x_usart.o(.text)
    USART_HalfDuplexCmd                      0x080015af   Thumb Code    24  stm32f10x_usart.o(.text)
    USART_IrDAConfig                         0x080015c7   Thumb Code    18  stm32f10x_usart.o(.text)
    USART_IrDACmd                            0x080015d9   Thumb Code    24  stm32f10x_usart.o(.text)
    USART_GetFlagStatus                      0x080015f1   Thumb Code    18  stm32f10x_usart.o(.text)
    USART_ClearFlag                          0x08001603   Thumb Code     6  stm32f10x_usart.o(.text)
    USART_GetITStatus                        0x08001609   Thumb Code    76  stm32f10x_usart.o(.text)
    USART_ClearITPendingBit                  0x08001655   Thumb Code    20  stm32f10x_usart.o(.text)
    NVIC_PriorityGroupConfig                 0x08001675   Thumb Code    10  misc.o(.text)
    NVIC_Init                                0x0800167f   Thumb Code   100  misc.o(.text)
    NVIC_SetVectorTable                      0x080016e3   Thumb Code    14  misc.o(.text)
    NVIC_SystemLPConfig                      0x080016f1   Thumb Code    34  misc.o(.text)
    SysTick_CLKSourceConfig                  0x08001713   Thumb Code    40  misc.o(.text)
    SystemInit                               0x08001835   Thumb Code    68  system_stm32f10x.o(.text)
    __aeabi_fadd                             0x08001889   Thumb Code   164  fadd.o(.text)
    __aeabi_fsub                             0x0800192d   Thumb Code     6  fadd.o(.text)
    __aeabi_frsub                            0x08001933   Thumb Code     6  fadd.o(.text)
    __aeabi_fmul                             0x08001939   Thumb Code   100  fmul.o(.text)
    __aeabi_fdiv                             0x0800199d   Thumb Code   124  fdiv.o(.text)
    __aeabi_i2f                              0x08001a19   Thumb Code    18  fflti.o(.text)
    __aeabi_ui2f                             0x08001a2b   Thumb Code    10  ffltui.o(.text)
    __aeabi_f2uiz                            0x08001a35   Thumb Code    40  ffixui.o(.text)
    __aeabi_cfcmpeq                          0x08001a5d   Thumb Code     0  cfcmple.o(.text)
    __aeabi_cfcmple                          0x08001a5d   Thumb Code    20  cfcmple.o(.text)
    __aeabi_cfrcmple                         0x08001a71   Thumb Code    20  cfrcmple.o(.text)
    __I$use$fp                               0x08001a85   Thumb Code     0  iusefp.o(.text)
    _float_round                             0x08001a85   Thumb Code    18  fepilogue.o(.text)
    _float_epilogue                          0x08001a97   Thumb Code    92  fepilogue.o(.text)
    __scatterload                            0x08001af5   Thumb Code    28  init.o(.text)
    __scatterload_rt2                        0x08001af5   Thumb Code     0  init.o(.text)
    __scatterload_copy                       0x08001b19   Thumb Code    14  handlers.o(i.__scatterload_copy)
    __scatterload_null                       0x08001b27   Thumb Code     2  handlers.o(i.__scatterload_null)
    __scatterload_zeroinit                   0x08001b29   Thumb Code    14  handlers.o(i.__scatterload_zeroinit)
    Region$$Table$$Base                      0x08001b38   Number         0  anon$$obj.o(Region$$Table)
    Region$$Table$$Limit                     0x08001b58   Number         0  anon$$obj.o(Region$$Table)
    X_Buff_Set1                              0x20000000   Data           4  pid.o(.data)
    X_Buff_Set2                              0x20000004   Data           4  pid.o(.data)
    Y_Buff_Set1                              0x20000008   Data           4  pid.o(.data)
    Y_Buff_Set2                              0x2000000c   Data           4  pid.o(.data)
    X_Set                                    0x20000010   Data           4  pid.o(.data)
    Y_Set                                    0x20000014   Data           4  pid.o(.data)
    test_a                                   0x20000018   Data           4  pid.o(.data)
    test1                                    0x2000001c   Data           4  usart.o(.data)
    test2                                    0x20000020   Data           2  usart.o(.data)
    angle2                                   0x20000022   Data           2  usart.o(.data)
    angle1                                   0x20000024   Data           2  usart.o(.data)
    Y_set                                    0x20000028   Data           4  usart.o(.data)
    ball_status                              0x20000040   Data          16  pid.o(.bss)
    x_pid                                    0x20000050   Data          48  pid.o(.bss)
    x_pid_buff                               0x20000080   Data          48  pid.o(.bss)
    y_pid                                    0x200000b0   Data          48  pid.o(.bss)
    y_pid_buff                               0x200000e0   Data          48  pid.o(.bss)
    dma_rx_buf                               0x20000110   Data           9  usart.o(.bss)
    dma_tx_buf                               0x20000119   Data           9  usart.o(.bss)
    rx_buf                                   0x20000122   Data          14  servo.o(.bss)
    __initial_sp                             0x20000330   Data           0  startup_stm32f10x_hd.o(STACK)



==============================================================================

Memory Map of the image

  Image Entry point : 0x08000147

  Load Region LR_1 (Base: 0x08000000, Size: 0x00001b98, Max: 0xffffffff, ABSOLUTE)

    Execution Region ER_RO (Base: 0x08000000, Size: 0x00001b58, Max: 0xffffffff, ABSOLUTE)

    Base Addr    Size         Type   Attr      Idx    E Section Name        Object

    0x08000000   0x00000130   Data   RO            3    RESET               startup_stm32f10x_hd.o
    0x08000130   0x00000000   Code   RO          254  * .ARM.Collect$$$$00000000  mc_w.l(entry.o)
    0x08000130   0x00000004   Code   RO          273    .ARM.Collect$$$$00000001  mc_w.l(entry2.o)
    0x08000134   0x00000004   Code   RO          276    .ARM.Collect$$$$00000004  mc_w.l(entry5.o)
    0x08000138   0x00000000   Code   RO          278    .ARM.Collect$$$$00000008  mc_w.l(entry7b.o)
    0x08000138   0x00000000   Code   RO          280    .ARM.Collect$$$$0000000A  mc_w.l(entry8b.o)
    0x08000138   0x00000008   Code   RO          281    .ARM.Collect$$$$0000000B  mc_w.l(entry9a.o)
    0x08000140   0x00000000   Code   RO          283    .ARM.Collect$$$$0000000D  mc_w.l(entry10a.o)
    0x08000140   0x00000000   Code   RO          285    .ARM.Collect$$$$0000000F  mc_w.l(entry11a.o)
    0x08000140   0x00000004   Code   RO          274    .ARM.Collect$$$$00002712  mc_w.l(entry2.o)
    0x08000144   0x00000030   Code   RO            4  * .text               startup_stm32f10x_hd.o
    0x08000174   0x0000002c   Code   RO           10    .text               main.o
    0x080001a0   0x0000001a   Code   RO           77    .text               stm32f10x_it.o
    0x080001ba   0x00000002   PAD
    0x080001bc   0x0000024c   Code   RO           92    .text               pid.o
    0x08000408   0x000004c4   Code   RO          120    .text               usart.o
    0x080008cc   0x00000128   Code   RO          137    .text               servo.o
    0x080009f4   0x00000330   Code   RO          152    .text               stm32f10x_gpio.o
    0x08000d24   0x000003a0   Code   RO          164    .text               stm32f10x_rcc.o
    0x080010c4   0x00000240   Code   RO          178    .text               stm32f10x_dma.o
    0x08001304   0x00000370   Code   RO          190    .text               stm32f10x_usart.o
    0x08001674   0x000000dc   Code   RO          202    .text               misc.o
    0x08001750   0x00000138   Code   RO          236    .text               system_stm32f10x.o
    0x08001888   0x000000b0   Code   RO          257    .text               mf_w.l(fadd.o)
    0x08001938   0x00000064   Code   RO          259    .text               mf_w.l(fmul.o)
    0x0800199c   0x0000007c   Code   RO          261    .text               mf_w.l(fdiv.o)
    0x08001a18   0x00000012   Code   RO          263    .text               mf_w.l(fflti.o)
    0x08001a2a   0x0000000a   Code   RO          265    .text               mf_w.l(ffltui.o)
    0x08001a34   0x00000028   Code   RO          267    .text               mf_w.l(ffixui.o)
    0x08001a5c   0x00000014   Code   RO          269    .text               mf_w.l(cfcmple.o)
    0x08001a70   0x00000014   Code   RO          271    .text               mf_w.l(cfrcmple.o)
    0x08001a84   0x00000000   Code   RO          287    .text               mc_w.l(iusefp.o)
    0x08001a84   0x0000006e   Code   RO          288    .text               mf_w.l(fepilogue.o)
    0x08001af2   0x00000002   PAD
    0x08001af4   0x00000024   Code   RO          290    .text               mc_w.l(init.o)
    0x08001b18   0x0000000e   Code   RO          294    i.__scatterload_copy  mc_w.l(handlers.o)
    0x08001b26   0x00000002   Code   RO          295    i.__scatterload_null  mc_w.l(handlers.o)
    0x08001b28   0x0000000e   Code   RO          296    i.__scatterload_zeroinit  mc_w.l(handlers.o)
    0x08001b36   0x00000002   PAD
    0x08001b38   0x00000020   Data   RO          292    Region$$Table       anon$$obj.o


    Execution Region ER_RW (Base: 0x20000000, Size: 0x00000040, Max: 0xffffffff, ABSOLUTE)

    Base Addr    Size         Type   Attr      Idx    E Section Name        Object

    0x20000000   0x0000001c   Data   RW           94    .data               pid.o
    0x2000001c   0x00000010   Data   RW          122    .data               usart.o
    0x2000002c   0x00000014   Data   RW          165    .data               stm32f10x_rcc.o


    Execution Region ER_ZI (Base: 0x20000040, Size: 0x000002f0, Max: 0xffffffff, ABSOLUTE)

    Base Addr    Size         Type   Attr      Idx    E Section Name        Object

    0x20000040   0x000000d0   Zero   RW           93    .bss                pid.o
    0x20000110   0x00000012   Zero   RW          121    .bss                usart.o
    0x20000122   0x0000000e   Zero   RW          138    .bss                servo.o
    0x20000130   0x00000200   Zero   RW            1    STACK               startup_stm32f10x_hd.o


==============================================================================

Image component sizes


      Code (inc. data)   RO Data    RW Data    ZI Data      Debug   Object Name

        44          0          0          0          0     236803   main.o
       220         22          0          0          0       1689   misc.o
       588         58          0         28        208       2266   pid.o
       296         10          0          0         14       1676   servo.o
        48         12        304          0        512        856   startup_stm32f10x_hd.o
       576         16          0          0          0       3411   stm32f10x_dma.o
       816         18          0          0          0       5059   stm32f10x_gpio.o
        26          0          0          0          0       1158   stm32f10x_it.o
       928         36          0         20          0       8664   stm32f10x_rcc.o
       880         12          0          0          0       7679   stm32f10x_usart.o
       312         16          0          0          0       1121   system_stm32f10x.o
      1220        104          0         16         18       2630   usart.o

    ----------------------------------------------------------------------
      5956        304        336         64        752     273012   Object Totals
         0          0         32          0          0          0   (incl. Generated)
         2          0          0          0          0          0   (incl. Padding)

    ----------------------------------------------------------------------

      Code (inc. data)   RO Data    RW Data    ZI Data      Debug   Library Member Name

         0          0          0          0          0          0   entry.o
         0          0          0          0          0          0   entry10a.o
         0          0          0          0          0          0   entry11a.o
         8          4          0          0          0          0   entry2.o
         4          0          0          0          0          0   entry5.o
         0          0          0          0          0          0   entry7b.o
         0          0          0          0          0          0   entry8b.o
         8          4          0          0          0          0   entry9a.o
        30          0          0          0          0          0   handlers.o
        36          8          0          0          0         68   init.o
         0          0          0          0          0          0   iusefp.o
        20          0          0          0          0         68   cfcmple.o
        20          0          0          0          0         68   cfrcmple.o
       176          0          0          0          0        140   fadd.o
       124          0          0          0          0         88   fdiv.o
       110          0          0          0          0        168   fepilogue.o
        40          0          0          0          0         68   ffixui.o
        18          0          0          0          0         68   fflti.o
        10          0          0          0          0         68   ffltui.o
       100          0          0          0          0         76   fmul.o

    ----------------------------------------------------------------------
       708         16          0          0          0        880   Library Totals
         4          0          0          0          0          0   (incl. Padding)

    ----------------------------------------------------------------------

      Code (inc. data)   RO Data    RW Data    ZI Data      Debug   Library Name

        86         16          0          0          0         68   mc_w.l
       618          0          0          0          0        812   mf_w.l

    ----------------------------------------------------------------------
       708         16          0          0          0        880   Library Totals

    ----------------------------------------------------------------------

==============================================================================


      Code (inc. data)   RO Data    RW Data    ZI Data      Debug   

      6664        320        336         64        752     272744   Grand Totals
      6664        320        336         64        752     272744   ELF Image Totals
      6664        320        336         64          0          0   ROM Totals

==============================================================================

    Total RO  Size (Code + RO Data)                 7000 (   6.84kB)
    Total RW  Size (RW Data + ZI Data)               816 (   0.80kB)
    Total ROM Size (Code + RO Data + RW Data)       7064 (   6.90kB)

==============================================================================

